[2024-09-17T18:59:21.368007+00:00] esi-client.INFO: [http 200, ok] get -> https://esi.evetech.net/v4/characters/95725047/?datasource=tranquility [t/e: 0.000000s/]
[2024-09-17T18:59:21.368739+00:00] esi-client.INFO: [http 200, ok] get -> https://esi.evetech.net/v4/characters/95725047/?datasource=tranquility [t/e: 0.000000s/]
[2024-09-17T19:00:54.396039+00:00] esi-client.INFO: [http 200, ok] get -> https://esi.evetech.net/v4/characters/95725047/?datasource=tranquility [t/e: 0.000000s/]
[2024-09-17T19:00:54.397052+00:00] esi-client.INFO: [http 200, ok] get -> https://esi.evetech.net/v4/characters/95725047/?datasource=tranquility [t/e: 0.000000s/]
[2024-09-17T19:00:54.399898+00:00] esi-client.WARNING: An unknown URI was called. Allowing /invalid/uri
[2024-09-17T19:00:54.404892+00:00] esi-client.ERROR: [http 401, unauthorized] get -> /foo [t/e: 0.000000s/]
[2024-09-17T19:00:54.409952+00:00] esi-client.INFO: [http 200, ok] get -> /foo [t/e: 0.000000s/]
[2024-09-17T19:00:54.410209+00:00] esi-client.INFO: [http 200, ok] get -> /foo [t/e: 0.000000s/]
[2024-09-17T19:02:36.164365+00:00] esi-client.INFO: [http 200, ok] get -> https://esi.evetech.net/v4/characters/95725047/?datasource=tranquility [t/e: 0.000000s/]
[2024-09-17T19:02:36.175513+00:00] esi-client.INFO: [http 200, ok] get -> https://esi.evetech.net/v4/characters/95725047/?datasource=tranquility [t/e: 0.000000s/]
[2024-09-17T19:02:36.181296+00:00] esi-client.WARNING: An unknown URI was called. Allowing /invalid/uri
[2024-09-17T19:02:36.185017+00:00] esi-client.INFO: [http 200, ok] get -> /foo [t/e: 0.000000s/]
[2024-09-17T19:02:36.185387+00:00] esi-client.INFO: [http 200, ok] get -> /foo [t/e: 0.000000s/]
[2024-09-17T19:02:36.190207+00:00] esi-client.ERROR: [http 401, unauthorized] get -> /foo [t/e: 0.000000s/]
[2024-09-17T19:05:49.935302+00:00] esi-client.ERROR: [http 401, unauthorized] get -> /foo [t/e: 0.010000s/]
[2024-09-17T19:05:49.944000+00:00] esi-client.INFO: [http 200, ok] get -> /foo [t/e: 0.000000s/]
[2024-09-17T19:05:49.944304+00:00] esi-client.INFO: [http 200, ok] get -> /foo [t/e: 0.000000s/]
[2024-09-17T19:05:49.954769+00:00] esi-client.INFO: [http 200, ok] get -> https://esi.evetech.net/v4/characters/95725047/?datasource=tranquility [t/e: 0.000000s/]
[2024-09-17T19:05:49.955483+00:00] esi-client.INFO: [http 200, ok] get -> https://esi.evetech.net/v4/characters/95725047/?datasource=tranquility [t/e: 0.000000s/]
[2024-09-17T19:05:49.958217+00:00] esi-client.WARNING: An unknown URI was called. Allowing /invalid/uri
[2024-09-17T19:07:34.499850+00:00] esi-client.INFO: [http 200, ok] get -> https://esi.evetech.net/v4/characters/95725047/?datasource=tranquility [t/e: 0.020000s/]
[2024-09-17T19:07:34.504203+00:00] esi-client.INFO: [http 200, ok] get -> https://esi.evetech.net/v4/characters/95725047/?datasource=tranquility [t/e: 0.000000s/]
[2024-09-17T19:07:34.519814+00:00] esi-client.WARNING: An unknown URI was called. Allowing /invalid/uri
[2024-09-17T19:07:34.520485+00:00] esi-client.INFO: [http 200, ok] get -> /foo [t/e: 0.000000s/]
[2024-09-17T19:07:34.560830+00:00] esi-client.INFO: [http 200, ok] get -> /foo [t/e: 0.000000s/]
[2024-09-17T19:07:34.561854+00:00] esi-client.ERROR: [http 401, unauthorized] get -> /foo [t/e: 0.000000s/]
[2024-09-17T19:08:18.991143+00:00] esi-client.INFO: [http 200, ok] get -> https://esi.evetech.net/v4/characters/95725047/?datasource=tranquility [t/e: 0.000000s/]
[2024-09-17T19:08:18.992168+00:00] esi-client.INFO: [http 200, ok] get -> https://esi.evetech.net/v4/characters/95725047/?datasource=tranquility [t/e: 0.000000s/]
[2024-09-17T19:08:18.999809+00:00] esi-client.WARNING: An unknown URI was called. Allowing /invalid/uri
[2024-09-17T19:08:19.007741+00:00] esi-client.INFO: [http 200, ok] get -> /foo [t/e: 0.000000s/]
[2024-09-17T19:08:19.010844+00:00] esi-client.ERROR: [http 401, unauthorized] get -> /foo [t/e: 0.000000s/]
[2024-09-17T19:08:19.011115+00:00] esi-client.INFO: [http 200, ok] get -> /foo [t/e: 0.000000s/]
[2024-09-17T19:08:25.382821+00:00] esi-client.INFO: [http 200, ok] get -> https://esi.evetech.net/v4/characters/95725047/?datasource=tranquility [t/e: 0.000000s/]
[2024-09-17T19:08:25.392874+00:00] esi-client.INFO: [http 200, ok] get -> https://esi.evetech.net/v4/characters/95725047/?datasource=tranquility [t/e: 0.000000s/]
[2024-09-17T19:08:25.400899+00:00] esi-client.INFO: [http 200, ok] get -> /foo [t/e: 0.000000s/]
[2024-09-17T19:08:25.402617+00:00] esi-client.ERROR: [http 401, unauthorized] get -> /foo [t/e: 0.000000s/]
[2024-09-17T19:08:25.403302+00:00] esi-client.INFO: [http 200, ok] get -> /foo [t/e: 0.000000s/]
[2024-09-17T19:08:25.410571+00:00] esi-client.WARNING: An unknown URI was called. Allowing /invalid/uri
[2024-09-17T19:08:40.784009+00:00] esi-client.INFO: [http 200, ok] get -> https://esi.evetech.net/v4/characters/95725047/?datasource=tranquility [t/e: 0.000000s/]
[2024-09-17T19:08:40.792023+00:00] esi-client.INFO: [http 200, ok] get -> https://esi.evetech.net/v4/characters/95725047/?datasource=tranquility [t/e: 0.000000s/]
[2024-09-17T19:08:40.806112+00:00] esi-client.WARNING: An unknown URI was called. Allowing /invalid/uri
[2024-09-17T19:08:40.811280+00:00] esi-client.INFO: [http 200, ok] get -> /foo [t/e: 0.000000s/]
[2024-09-17T19:08:40.813060+00:00] esi-client.ERROR: [http 401, unauthorized] get -> /foo [t/e: 0.000000s/]
[2024-09-17T19:08:40.817337+00:00] esi-client.INFO: [http 200, ok] get -> /foo [t/e: 0.000000s/]
[2024-09-17T19:25:48.593919+00:00] esi-client.INFO: [http 200, ok] get -> https://esi.evetech.net/v4/characters/95725047/?datasource=tranquility [t/e: 0.020000s/]
[2024-09-17T19:25:48.598538+00:00] esi-client.INFO: [http 200, ok] get -> https://esi.evetech.net/v4/characters/95725047/?datasource=tranquility [t/e: 0.000000s/]
[2024-09-17T19:25:48.694768+00:00] esi-client.WARNING: An unknown URI was called. Allowing /invalid/uri
[2024-09-17T19:25:48.744974+00:00] esi-client.INFO: [http 200, ok] get -> /foo [t/e: 0.000000s/]
[2024-09-17T19:25:48.745423+00:00] esi-client.ERROR: [http 401, unauthorized] get -> /foo [t/e: 0.000000s/]
[2024-09-17T19:25:48.751916+00:00] esi-client.INFO: [http 200, ok] get -> /foo [t/e: 0.000000s/]
[2024-09-17T19:25:50.973291+00:00] esi-client.WARNING: An unknown URI was called. Allowing /invalid/uri
[2024-09-17T19:25:50.980937+00:00] esi-client.INFO: [http 200, ok] get -> /foo [t/e: 0.000000s/]
[2024-09-17T19:25:50.985902+00:00] esi-client.ERROR: [http 401, unauthorized] get -> /foo [t/e: 0.000000s/]
[2024-09-17T19:25:50.986708+00:00] esi-client.INFO: [http 200, ok] get -> /foo [t/e: 0.000000s/]
[2024-09-17T19:25:54.931132+00:00] esi-client.INFO: [http 200, ok] get -> /foo [t/e: 0.000000s/]
[2024-09-17T19:25:54.936866+00:00] esi-client.ERROR: [http 401, unauthorized] get -> /foo [t/e: 0.000000s/]
[2024-09-17T19:25:54.937353+00:00] esi-client.INFO: [http 200, ok] get -> /foo [t/e: 0.000000s/]
[2024-09-17T19:26:09.744537+00:00] esi-client.INFO: [http 200, ok] get -> https://esi.evetech.net/v4/characters/95725047/?datasource=tranquility [t/e: 0.000000s/]
[2024-09-17T19:26:09.745609+00:00] esi-client.INFO: [http 200, ok] get -> https://esi.evetech.net/v4/characters/95725047/?datasource=tranquility [t/e: 0.000000s/]
[2024-09-17T19:26:09.747280+00:00] esi-client.INFO: [http 200, ok] get -> /foo [t/e: 0.000000s/]
[2024-09-17T19:26:09.750046+00:00] esi-client.ERROR: [http 401, unauthorized] get -> /foo [t/e: 0.000000s/]
[2024-09-17T19:26:09.750472+00:00] esi-client.INFO: [http 200, ok] get -> /foo [t/e: 0.000000s/]
[2024-09-17T19:26:09.761350+00:00] esi-client.WARNING: An unknown URI was called. Allowing /invalid/uri
[2024-09-17T19:29:08.070332+00:00] esi-client.INFO: [http 200, ok] get -> https://esi.evetech.net/v4/characters/95725047/?datasource=tranquility [t/e: 0.000000s/]
[2024-09-17T19:29:08.071030+00:00] esi-client.INFO: [http 200, ok] get -> https://esi.evetech.net/v4/characters/95725047/?datasource=tranquility [t/e: 0.000000s/]
[2024-09-17T19:29:34.901694+00:00] esi-client.WARNING: An unknown URI was called. Allowing /invalid/uri
[2024-09-17T19:29:34.914232+00:00] esi-client.INFO: [http 200, ok] get -> /foo [t/e: 0.010000s/]
[2024-09-17T19:29:34.917433+00:00] esi-client.ERROR: [http 401, unauthorized] get -> /foo [t/e: 0.000000s/]
[2024-09-17T19:29:34.917793+00:00] esi-client.INFO: [http 200, ok] get -> /foo [t/e: 0.000000s/]
[2024-09-17T19:29:34.926669+00:00] esi-client.INFO: [http 200, ok] get -> https://esi.evetech.net/v4/characters/95725047/?datasource=tranquility [t/e: 0.000000s/]
[2024-09-17T19:29:34.926966+00:00] esi-client.INFO: [http 200, ok] get -> https://esi.evetech.net/v4/characters/95725047/?datasource=tranquility [t/e: 0.000000s/]
[2024-09-17T19:29:39.596028+00:00] esi-client.INFO: [http 200, ok] get -> /foo [t/e: 0.000000s/]
[2024-09-17T19:29:39.599430+00:00] esi-client.INFO: [http 200, ok] get -> /foo [t/e: 0.000000s/]
[2024-09-17T19:29:39.601197+00:00] esi-client.ERROR: [http 401, unauthorized] get -> /foo [t/e: 0.000000s/]
[2024-09-17T19:29:39.602147+00:00] esi-client.INFO: [http 200, ok] get -> https://esi.evetech.net/v4/characters/95725047/?datasource=tranquility [t/e: 0.000000s/]
[2024-09-17T19:29:39.602758+00:00] esi-client.INFO: [http 200, ok] get -> https://esi.evetech.net/v4/characters/95725047/?datasource=tranquility [t/e: 0.000000s/]
[2024-09-17T19:29:52.327948+00:00] esi-client.INFO: [http 200, ok] get -> https://esi.evetech.net/v4/characters/95725047/?datasource=tranquility [t/e: 0.010000s/]
[2024-09-17T19:29:52.339346+00:00] esi-client.INFO: [http 200, ok] get -> https://esi.evetech.net/v4/characters/95725047/?datasource=tranquility [t/e: 0.000000s/]
[2024-09-17T19:29:52.345623+00:00] esi-client.WARNING: An unknown URI was called. Allowing /invalid/uri
[2024-09-17T19:36:47.102886+00:00] esi-client.INFO: [http 200, ok] get -> /foo [t/e: 0.010000s/]
[2024-09-17T19:36:47.132015+00:00] esi-client.ERROR: [http 401, unauthorized] get -> /foo [t/e: 0.000000s/]
[2024-09-17T19:36:47.132487+00:00] esi-client.INFO: [http 200, ok] get -> /foo [t/e: 0.000000s/]
[2024-09-17T19:36:47.150909+00:00] esi-client.INFO: [http 200, ok] get -> https://esi.evetech.net/v4/characters/95725047/?datasource=tranquility [t/e: 0.000000s/]
[2024-09-17T19:36:47.151280+00:00] esi-client.INFO: [http 200, ok] get -> https://esi.evetech.net/v4/characters/95725047/?datasource=tranquility [t/e: 0.000000s/]
[2024-09-17T19:36:47.161862+00:00] esi-client.WARNING: An unknown URI was called. Allowing /invalid/uri
[2024-09-17T19:37:42.457682+00:00] esi-client.INFO: [http 200, ok] get -> /foo [t/e: 0.010000s/]
[2024-09-17T19:37:42.459773+00:00] esi-client.INFO: [http 200, ok] get -> /foo [t/e: 0.000000s/]
[2024-09-17T19:37:42.466497+00:00] esi-client.ERROR: [http 401, unauthorized] get -> /foo [t/e: 0.000000s/]
[2024-09-17T19:37:42.494783+00:00] esi-client.WARNING: An unknown URI was called. Allowing /invalid/uri
[2024-09-17T19:37:42.496806+00:00] esi-client.INFO: [http 200, ok] get -> https://esi.evetech.net/v4/characters/95725047/?datasource=tranquility [t/e: 0.000000s/]
[2024-09-17T19:37:42.500193+00:00] esi-client.INFO: [http 200, ok] get -> https://esi.evetech.net/v4/characters/95725047/?datasource=tranquility [t/e: 0.000000s/]
[2024-09-17T19:38:58.777589+00:00] esi-client.INFO: [http 200, ok] get -> https://esi.evetech.net/v4/characters/95725047/?datasource=tranquility [t/e: 0.000000s/]
[2024-09-17T19:38:58.789323+00:00] esi-client.INFO: [http 200, ok] get -> https://esi.evetech.net/v4/characters/95725047/?datasource=tranquility [t/e: 0.000000s/]
[2024-09-17T19:45:57.226332+00:00] esi-client.INFO: [http 200, ok] get -> https://esi.evetech.net/v4/characters/95725047/?datasource=tranquility [t/e: 0.000000s/]
[2024-09-17T19:45:57.237156+00:00] esi-client.INFO: [http 200, ok] get -> https://esi.evetech.net/v4/characters/95725047/?datasource=tranquility [t/e: 0.000000s/]
[2024-09-17T19:45:57.238136+00:00] esi-client.WARNING: An unknown URI was called. Allowing /invalid/uri
[2024-09-17T19:45:57.272102+00:00] esi-client.ERROR: [http 401, unauthorized] get -> /foo [t/e: 0.000000s/]
[2024-09-17T19:45:57.272580+00:00] esi-client.INFO: [http 200, ok] get -> /foo [t/e: 0.000000s/]
[2024-09-17T19:45:57.275790+00:00] esi-client.INFO: [http 200, ok] get -> /foo [t/e: 0.000000s/]
[2024-09-17T19:52:47.681962+00:00] esi-client.INFO: [http 200, ok] get -> https://esi.evetech.net/v4/characters/95725047/?datasource=tranquility [t/e: 0.080000s/]
[2024-09-17T19:52:47.888347+00:00] esi-client.INFO: [http 200, ok] get -> https://esi.evetech.net/v4/characters/95725047/?datasource=tranquility [t/e: 0.000000s/]
[2024-09-17T19:52:48.271980+00:00] esi-client.INFO: [http 200, ok] get -> /foo [t/e: 0.000000s/]
[2024-09-17T19:52:48.302348+00:00] esi-client.ERROR: [http 401, unauthorized] get -> /foo [t/e: 0.030000s/]
[2024-09-17T19:52:48.308145+00:00] esi-client.INFO: [http 200, ok] get -> /foo [t/e: 0.000000s/]
[2024-09-17T19:52:48.313333+00:00] esi-client.WARNING: An unknown URI was called. Allowing /invalid/uri
[2024-09-17T19:55:26.777660+00:00] esi-client.INFO: [http 200, ok] get -> /foo [t/e: 0.000000s/]
[2024-09-17T19:55:26.778604+00:00] esi-client.INFO: [http 200, ok] get -> /foo [t/e: 0.000000s/]
[2024-09-17T19:55:26.782867+00:00] esi-client.ERROR: [http 401, unauthorized] get -> /foo [t/e: 0.000000s/]
[2024-09-17T19:55:26.788094+00:00] esi-client.WARNING: An unknown URI was called. Allowing /invalid/uri
[2024-09-17T19:55:26.788859+00:00] esi-client.INFO: [http 200, ok] get -> https://esi.evetech.net/v4/characters/95725047/?datasource=tranquility [t/e: 0.000000s/]
[2024-09-17T19:55:26.789253+00:00] esi-client.INFO: [http 200, ok] get -> https://esi.evetech.net/v4/characters/95725047/?datasource=tranquility [t/e: 0.000000s/]
[2024-09-17T19:55:47.337175+00:00] esi-client.WARNING: An unknown URI was called. Allowing /invalid/uri
[2024-09-17T19:55:47.344571+00:00] esi-client.INFO: [http 200, ok] get -> /foo [t/e: 0.010000s/]
[2024-09-17T19:55:47.349571+00:00] esi-client.INFO: [http 200, ok] get -> /foo [t/e: 0.000000s/]
[2024-09-17T19:55:47.352586+00:00] esi-client.ERROR: [http 401, unauthorized] get -> /foo [t/e: 0.000000s/]
[2024-09-17T19:55:47.353355+00:00] esi-client.INFO: [http 200, ok] get -> https://esi.evetech.net/v4/characters/95725047/?datasource=tranquility [t/e: 0.000000s/]
[2024-09-17T19:55:47.353653+00:00] esi-client.INFO: [http 200, ok] get -> https://esi.evetech.net/v4/characters/95725047/?datasource=tranquility [t/e: 0.000000s/]
[2024-09-17T19:55:50.673750+00:00] esi-client.INFO: [http 200, ok] get -> https://esi.evetech.net/v4/characters/95725047/?datasource=tranquility [t/e: 0.000000s/]
[2024-09-17T19:55:50.676238+00:00] esi-client.INFO: [http 200, ok] get -> https://esi.evetech.net/v4/characters/95725047/?datasource=tranquility [t/e: 0.000000s/]
[2024-09-17T19:55:50.678913+00:00] esi-client.WARNING: An unknown URI was called. Allowing /invalid/uri
[2024-09-17T19:55:50.680160+00:00] esi-client.INFO: [http 200, ok] get -> /foo [t/e: 0.000000s/]
[2024-09-17T19:55:50.683272+00:00] esi-client.INFO: [http 200, ok] get -> /foo [t/e: 0.000000s/]
[2024-09-17T19:55:50.685275+00:00] esi-client.ERROR: [http 401, unauthorized] get -> /foo [t/e: 0.000000s/]
[2024-09-17T19:56:12.298510+00:00] esi-client.INFO: [http 200, ok] get -> /foo [t/e: 0.010000s/]
[2024-09-17T19:56:12.302837+00:00] esi-client.INFO: [http 200, ok] get -> /foo [t/e: 0.000000s/]
[2024-09-17T19:56:12.305648+00:00] esi-client.ERROR: [http 401, unauthorized] get -> /foo [t/e: 0.000000s/]
[2024-09-17T19:56:12.309850+00:00] esi-client.INFO: [http 200, ok] get -> https://esi.evetech.net/v4/characters/95725047/?datasource=tranquility [t/e: 0.000000s/]
[2024-09-17T19:56:12.310100+00:00] esi-client.INFO: [http 200, ok] get -> https://esi.evetech.net/v4/characters/95725047/?datasource=tranquility [t/e: 0.000000s/]
[2024-09-17T19:56:40.103458+00:00] esi-client.INFO: [http 200, ok] get -> https://esi.evetech.net/v4/characters/95725047/?datasource=tranquility [t/e: 0.000000s/]
[2024-09-17T19:56:40.106889+00:00] esi-client.INFO: [http 200, ok] get -> https://esi.evetech.net/v4/characters/95725047/?datasource=tranquility [t/e: 0.000000s/]
[2024-09-17T19:56:40.107645+00:00] esi-client.INFO: [http 200, ok] get -> /foo [t/e: 0.000000s/]
[2024-09-17T19:56:40.115045+00:00] esi-client.ERROR: [http 401, unauthorized] get -> /foo [t/e: 0.000000s/]
[2024-09-17T19:56:40.115578+00:00] esi-client.INFO: [http 200, ok] get -> /foo [t/e: 0.000000s/]
[2024-09-17T19:56:40.118382+00:00] esi-client.WARNING: An unknown URI was called. Allowing /invalid/uri
[2024-09-17T19:56:55.268418+00:00] esi-client.INFO: [http 200, ok] get -> /foo [t/e: 0.000000s/]
[2024-09-17T19:56:55.271888+00:00] esi-client.ERROR: [http 401, unauthorized] get -> /foo [t/e: 0.000000s/]
[2024-09-17T19:56:55.274877+00:00] esi-client.INFO: [http 200, ok] get -> /foo [t/e: 0.000000s/]
[2024-09-17T19:56:55.275844+00:00] esi-client.INFO: [http 200, ok] get -> https://esi.evetech.net/v4/characters/95725047/?datasource=tranquility [t/e: 0.000000s/]
[2024-09-17T19:56:55.276361+00:00] esi-client.INFO: [http 200, ok] get -> https://esi.evetech.net/v4/characters/95725047/?datasource=tranquility [t/e: 0.000000s/]
[2024-09-17T19:59:01.218057+00:00] esi-client.INFO: [http 200, ok] get -> https://esi.evetech.net/v4/characters/95725047/?datasource=tranquility [t/e: 0.010000s/]
[2024-09-17T19:59:01.237151+00:00] esi-client.INFO: [http 200, ok] get -> https://esi.evetech.net/v4/characters/95725047/?datasource=tranquility [t/e: 0.000000s/]
[2024-09-17T19:59:01.237658+00:00] esi-client.WARNING: An unknown URI was called. Allowing /invalid/uri
[2024-09-17T19:59:01.278535+00:00] esi-client.INFO: [http 200, ok] get -> /foo [t/e: 0.000000s/]
[2024-09-17T19:59:01.284830+00:00] esi-client.INFO: [http 200, ok] get -> /foo [t/e: 0.000000s/]
[2024-09-17T19:59:01.287866+00:00] esi-client.ERROR: [http 401, unauthorized] get -> /foo [t/e: 0.000000s/]
[2024-09-17T19:59:10.798494+00:00] esi-client.WARNING: An unknown URI was called. Allowing /invalid/uri
[2024-09-17T19:59:10.806565+00:00] esi-client.INFO: [http 200, ok] get -> /foo [t/e: 0.000000s/]
[2024-09-17T19:59:10.808727+00:00] esi-client.ERROR: [http 401, unauthorized] get -> /foo [t/e: 0.000000s/]
[2024-09-17T19:59:10.811051+00:00] esi-client.INFO: [http 200, ok] get -> /foo [t/e: 0.000000s/]
[2024-09-17T19:59:10.812202+00:00] esi-client.INFO: [http 200, ok] get -> https://esi.evetech.net/v4/characters/95725047/?datasource=tranquility [t/e: 0.000000s/]
[2024-09-17T19:59:10.812516+00:00] esi-client.INFO: [http 200, ok] get -> https://esi.evetech.net/v4/characters/95725047/?datasource=tranquility [t/e: 0.000000s/]
[2024-09-17T20:00:06.833605+00:00] esi-client.ERROR: [http 401, unauthorized] get -> /foo [t/e: 0.010000s/]
[2024-09-17T20:00:06.836203+00:00] esi-client.INFO: [http 200, ok] get -> /foo [t/e: 0.000000s/]
[2024-09-17T20:00:06.836491+00:00] esi-client.INFO: [http 200, ok] get -> /foo [t/e: 0.000000s/]
[2024-09-17T20:00:06.863673+00:00] esi-client.INFO: [http 200, ok] get -> https://esi.evetech.net/v4/characters/95725047/?datasource=tranquility [t/e: 0.000000s/]
[2024-09-17T20:00:06.863981+00:00] esi-client.INFO: [http 200, ok] get -> https://esi.evetech.net/v4/characters/95725047/?datasource=tranquility [t/e: 0.000000s/]
[2024-09-17T20:00:34.156615+00:00] esi-client.INFO: [http 200, ok] get -> https://esi.evetech.net/v4/characters/95725047/?datasource=tranquility [t/e: 0.000000s/]
[2024-09-17T20:00:34.157761+00:00] esi-client.INFO: [http 200, ok] get -> https://esi.evetech.net/v4/characters/95725047/?datasource=tranquility [t/e: 0.000000s/]
[2024-09-17T20:00:34.159728+00:00] esi-client.INFO: [http 200, ok] get -> /foo [t/e: 0.000000s/]
[2024-09-17T20:00:34.159954+00:00] esi-client.INFO: [http 200, ok] get -> /foo [t/e: 0.000000s/]
[2024-09-17T20:00:34.162543+00:00] esi-client.ERROR: [http 401, unauthorized] get -> /foo [t/e: 0.000000s/]
[2024-09-17T20:00:38.172078+00:00] esi-client.ERROR: [http 401, unauthorized] get -> /foo [t/e: 0.010000s/]
[2024-09-17T20:00:38.195087+00:00] esi-client.INFO: [http 200, ok] get -> /foo [t/e: 0.000000s/]
[2024-09-17T20:00:38.196144+00:00] esi-client.INFO: [http 200, ok] get -> /foo [t/e: 0.000000s/]
[2024-09-17T20:00:38.216806+00:00] esi-client.INFO: [http 200, ok] get -> https://esi.evetech.net/v4/characters/95725047/?datasource=tranquility [t/e: 0.000000s/]
[2024-09-17T20:00:38.217211+00:00] esi-client.INFO: [http 200, ok] get -> https://esi.evetech.net/v4/characters/95725047/?datasource=tranquility [t/e: 0.000000s/]
[2024-09-17T20:00:38.217734+00:00] esi-client.WARNING: An unknown URI was called. Allowing /invalid/uri
[2024-09-17T20:00:50.757703+00:00] esi-client.INFO: [http 200, ok] get -> /foo [t/e: 0.000000s/]
[2024-09-17T20:00:50.769904+00:00] esi-client.INFO: [http 200, ok] get -> /foo [t/e: 0.000000s/]
[2024-09-17T20:00:50.771692+00:00] esi-client.ERROR: [http 401, unauthorized] get -> /foo [t/e: 0.000000s/]
[2024-09-17T20:00:50.784964+00:00] esi-client.INFO: [http 200, ok] get -> https://esi.evetech.net/v4/characters/95725047/?datasource=tranquility [t/e: 0.000000s/]
[2024-09-17T20:00:50.785351+00:00] esi-client.INFO: [http 200, ok] get -> https://esi.evetech.net/v4/characters/95725047/?datasource=tranquility [t/e: 0.000000s/]
[2024-09-17T20:04:02.581843+00:00] esi-client.INFO: [http 200, ok] get -> https://esi.evetech.net/v4/characters/95725047/?datasource=tranquility [t/e: 0.000000s/]
[2024-09-17T20:04:02.602370+00:00] esi-client.INFO: [http 200, ok] get -> https://esi.evetech.net/v4/characters/95725047/?datasource=tranquility [t/e: 0.000000s/]
[2024-09-17T20:04:02.605377+00:00] esi-client.WARNING: An unknown URI was called. Allowing /invalid/uri
[2024-09-17T20:06:11.099180+00:00] esi-client.INFO: [http 200, ok] get -> /foo [t/e: 0.010000s/]
[2024-09-17T20:06:11.115926+00:00] esi-client.INFO: [http 200, ok] get -> /foo [t/e: 0.000000s/]
[2024-09-17T20:06:11.118424+00:00] esi-client.ERROR: [http 401, unauthorized] get -> /foo [t/e: 0.000000s/]
[2024-09-17T20:06:11.141287+00:00] esi-client.INFO: [http 200, ok] get -> https://esi.evetech.net/v4/characters/95725047/?datasource=tranquility [t/e: 0.000000s/]
[2024-09-17T20:06:11.141628+00:00] esi-client.INFO: [http 200, ok] get -> https://esi.evetech.net/v4/characters/95725047/?datasource=tranquility [t/e: 0.000000s/]
[2024-09-17T20:06:11.165414+00:00] esi-client.WARNING: An unknown URI was called. Allowing /invalid/uri
[2024-09-17T20:07:12.804660+00:00] esi-client.INFO: [http 200, ok] get -> https://esi.evetech.net/v4/characters/95725047/?datasource=tranquility [t/e: 0.000000s/]
[2024-09-17T20:07:12.812444+00:00] esi-client.INFO: [http 200, ok] get -> https://esi.evetech.net/v4/characters/95725047/?datasource=tranquility [t/e: 0.000000s/]
[2024-09-17T20:07:20.057632+00:00] esi-client.WARNING: An unknown URI was called. Allowing /invalid/uri
[2024-09-17T20:07:20.092455+00:00] esi-client.INFO: [http 200, ok] get -> /foo [t/e: 0.000000s/]
[2024-09-17T20:07:20.092924+00:00] esi-client.INFO: [http 200, ok] get -> /foo [t/e: 0.000000s/]
[2024-09-17T20:07:20.096855+00:00] esi-client.ERROR: [http 401, unauthorized] get -> /foo [t/e: 0.000000s/]
[2024-09-17T20:07:20.097852+00:00] esi-client.INFO: [http 200, ok] get -> https://esi.evetech.net/v4/characters/95725047/?datasource=tranquility [t/e: 0.000000s/]
[2024-09-17T20:07:20.098142+00:00] esi-client.INFO: [http 200, ok] get -> https://esi.evetech.net/v4/characters/95725047/?datasource=tranquility [t/e: 0.000000s/]
[2024-09-17T20:07:58.491594+00:00] esi-client.INFO: [http 200, ok] get -> /foo [t/e: 0.080000s/]
[2024-09-17T20:07:58.559138+00:00] esi-client.ERROR: [http 401, unauthorized] get -> /foo [t/e: 0.030000s/]
[2024-09-17T20:07:58.620219+00:00] esi-client.INFO: [http 200, ok] get -> /foo [t/e: 0.000000s/]
[2024-09-17T20:08:05.572024+00:00] esi-client.INFO: [http 200, ok] get -> https://esi.evetech.net/v4/characters/95725047/?datasource=tranquility [t/e: 0.000000s/]
[2024-09-17T20:08:05.590625+00:00] esi-client.INFO: [http 200, ok] get -> https://esi.evetech.net/v4/characters/95725047/?datasource=tranquility [t/e: 0.000000s/]
[2024-09-17T20:08:05.602511+00:00] esi-client.ERROR: [http 401, unauthorized] get -> /foo [t/e: 0.000000s/]
[2024-09-17T20:08:05.603514+00:00] esi-client.INFO: [http 200, ok] get -> /foo [t/e: 0.000000s/]
[2024-09-17T20:08:05.606709+00:00] esi-client.INFO: [http 200, ok] get -> /foo [t/e: 0.000000s/]
[2024-09-17T20:08:05.629905+00:00] esi-client.WARNING: An unknown URI was called. Allowing /invalid/uri
[2024-09-17T20:09:25.254870+00:00] esi-client.ERROR: [http 401, unauthorized] get -> /foo [t/e: 0.010000s/]
[2024-09-17T20:09:25.256913+00:00] esi-client.INFO: [http 200, ok] get -> /foo [t/e: 0.000000s/]
[2024-09-17T20:09:25.258101+00:00] esi-client.INFO: [http 200, ok] get -> /foo [t/e: 0.000000s/]
[2024-09-17T20:09:25.259621+00:00] esi-client.INFO: [http 200, ok] get -> https://esi.evetech.net/v4/characters/95725047/?datasource=tranquility [t/e: 0.000000s/]
[2024-09-17T20:09:25.269243+00:00] esi-client.INFO: [http 200, ok] get -> https://esi.evetech.net/v4/characters/95725047/?datasource=tranquility [t/e: 0.000000s/]
[2024-09-17T20:09:25.297036+00:00] esi-client.WARNING: An unknown URI was called. Allowing /invalid/uri
[2024-09-17T20:10:31.919093+00:00] esi-client.INFO: [http 200, ok] get -> https://esi.evetech.net/v4/characters/95725047/?datasource=tranquility [t/e: 0.000000s/]
[2024-09-17T20:10:31.920500+00:00] esi-client.INFO: [http 200, ok] get -> https://esi.evetech.net/v4/characters/95725047/?datasource=tranquility [t/e: 0.000000s/]
[2024-09-17T20:10:31.925661+00:00] esi-client.ERROR: [http 401, unauthorized] get -> /foo [t/e: 0.000000s/]
[2024-09-17T20:10:31.926952+00:00] esi-client.INFO: [http 200, ok] get -> /foo [t/e: 0.000000s/]
[2024-09-17T20:10:31.927376+00:00] esi-client.INFO: [http 200, ok] get -> /foo [t/e: 0.000000s/]
[2024-09-17T20:10:31.938147+00:00] esi-client.WARNING: An unknown URI was called. Allowing /invalid/uri
[2024-09-17T20:10:41.690504+00:00] esi-client.INFO: [http 200, ok] get -> https://esi.evetech.net/v4/characters/95725047/?datasource=tranquility [t/e: 0.000000s/]
[2024-09-17T20:10:41.711060+00:00] esi-client.INFO: [http 200, ok] get -> https://esi.evetech.net/v4/characters/95725047/?datasource=tranquility [t/e: 0.000000s/]
[2024-09-17T20:10:41.747352+00:00] esi-client.WARNING: An unknown URI was called. Allowing /invalid/uri
[2024-09-17T20:10:41.751201+00:00] esi-client.INFO: [http 200, ok] get -> /foo [t/e: 0.000000s/]
[2024-09-17T20:10:41.758888+00:00] esi-client.ERROR: [http 401, unauthorized] get -> /foo [t/e: 0.000000s/]
[2024-09-17T20:10:41.759201+00:00] esi-client.INFO: [http 200, ok] get -> /foo [t/e: 0.000000s/]
[2024-09-17T20:12:58.448874+00:00] esi-client.INFO: [http 200, ok] get -> /foo [t/e: 0.010000s/]
[2024-09-17T20:12:58.450088+00:00] esi-client.INFO: [http 200, ok] get -> /foo [t/e: 0.000000s/]
[2024-09-17T20:12:58.457770+00:00] esi-client.ERROR: [http 401, unauthorized] get -> /foo [t/e: 0.000000s/]
[2024-09-17T20:12:58.465093+00:00] esi-client.WARNING: An unknown URI was called. Allowing /invalid/uri
[2024-09-17T20:12:58.467955+00:00] esi-client.INFO: [http 200, ok] get -> https://esi.evetech.net/v4/characters/95725047/?datasource=tranquility [t/e: 0.000000s/]
[2024-09-17T20:12:58.471356+00:00] esi-client.INFO: [http 200, ok] get -> https://esi.evetech.net/v4/characters/95725047/?datasource=tranquility [t/e: 0.000000s/]
[2024-09-17T20:13:04.778057+00:00] esi-client.INFO: [http 200, ok] get -> /foo [t/e: 0.010000s/]
[2024-09-17T20:13:04.795253+00:00] esi-client.ERROR: [http 401, unauthorized] get -> /foo [t/e: 0.000000s/]
[2024-09-17T20:13:04.796571+00:00] esi-client.INFO: [http 200, ok] get -> /foo [t/e: 0.000000s/]
[2024-09-17T20:13:04.807865+00:00] esi-client.INFO: [http 200, ok] get -> https://esi.evetech.net/v4/characters/95725047/?datasource=tranquility [t/e: 0.000000s/]
[2024-09-17T20:13:04.808572+00:00] esi-client.INFO: [http 200, ok] get -> https://esi.evetech.net/v4/characters/95725047/?datasource=tranquility [t/e: 0.000000s/]
[2024-09-17T20:13:04.841772+00:00] esi-client.WARNING: An unknown URI was called. Allowing /invalid/uri
[2024-09-17T20:13:19.390451+00:00] esi-client.WARNING: An unknown URI was called. Allowing /invalid/uri
[2024-09-17T20:13:19.447880+00:00] esi-client.ERROR: [http 401, unauthorized] get -> /foo [t/e: 0.010000s/]
[2024-09-17T20:13:19.451289+00:00] esi-client.INFO: [http 200, ok] get -> /foo [t/e: 0.000000s/]
[2024-09-17T20:13:19.452243+00:00] esi-client.INFO: [http 200, ok] get -> /foo [t/e: 0.000000s/]
[2024-09-17T20:13:19.452718+00:00] esi-client.INFO: [http 200, ok] get -> https://esi.evetech.net/v4/characters/95725047/?datasource=tranquility [t/e: 0.000000s/]
[2024-09-17T20:13:19.453035+00:00] esi-client.INFO: [http 200, ok] get -> https://esi.evetech.net/v4/characters/95725047/?datasource=tranquility [t/e: 0.000000s/]
[2024-09-17T20:13:23.201451+00:00] esi-client.DEBUG: Making get request to https://esi.evetech.net/v4/characters/95725047/?datasource=tranquility
[2024-09-17T20:13:23.205661+00:00] esi-client.INFO: [http 200, ok] get -> https://esi.evetech.net/v4/characters/95725047/?datasource=tranquility [t/e: 0.000000s/]
[2024-09-17T20:13:23.206364+00:00] esi-client.DEBUG: Making get request to https://esi.evetech.net/v4/characters/95725047/?datasource=tranquility
[2024-09-17T20:13:23.206477+00:00] esi-client.INFO: [http 200, ok] get -> https://esi.evetech.net/v4/characters/95725047/?datasource=tranquility [t/e: 0.000000s/]
[2024-09-17T20:13:23.213538+00:00] esi-client.ERROR: [http 401, unauthorized] get -> /foo [t/e: 0.000000s/]
[2024-09-17T20:13:23.223942+00:00] esi-client.INFO: [http 200, ok] get -> /foo [t/e: 0.000000s/]
[2024-09-17T20:13:23.227293+00:00] esi-client.INFO: [http 200, ok] get -> /foo [t/e: 0.000000s/]
[2024-09-17T20:13:23.228140+00:00] esi-client.WARNING: An unknown URI was called. Allowing /invalid/uri
[2024-09-17T20:13:29.883216+00:00] esi-client.INFO: [http 200, ok] get -> https://esi.evetech.net/v4/characters/95725047/?datasource=tranquility [t/e: 0.000000s/]
[2024-09-17T20:13:29.883951+00:00] esi-client.INFO: [http 200, ok] get -> https://esi.evetech.net/v4/characters/95725047/?datasource=tranquility [t/e: 0.000000s/]
[2024-09-17T20:13:29.885688+00:00] esi-client.INFO: [http 200, ok] get -> /foo [t/e: 0.000000s/]
[2024-09-17T20:13:29.887400+00:00] esi-client.ERROR: [http 401, unauthorized] get -> /foo [t/e: 0.000000s/]
[2024-09-17T20:13:29.887691+00:00] esi-client.INFO: [http 200, ok] get -> /foo [t/e: 0.000000s/]
[2024-09-17T20:13:55.013990+00:00] esi-client.INFO: [http 200, ok] get -> /foo [t/e: 0.010000s/]
[2024-09-17T20:13:55.021523+00:00] esi-client.INFO: [http 200, ok] get -> /foo [t/e: 0.000000s/]
[2024-09-17T20:13:55.023801+00:00] esi-client.ERROR: [http 401, unauthorized] get -> /foo [t/e: 0.000000s/]
[2024-09-17T20:13:55.070304+00:00] esi-client.WARNING: An unknown URI was called. Allowing /invalid/uri
[2024-09-17T20:13:55.072894+00:00] esi-client.INFO: [http 200, ok] get -> https://esi.evetech.net/v4/characters/95725047/?datasource=tranquility [t/e: 0.000000s/]
[2024-09-17T20:13:55.076088+00:00] esi-client.INFO: [http 200, ok] get -> https://esi.evetech.net/v4/characters/95725047/?datasource=tranquility [t/e: 0.000000s/]
[2024-09-17T20:14:07.812461+00:00] esi-client.INFO: [http 200, ok] get -> /foo [t/e: 0.000000s/]
[2024-09-17T20:14:07.818062+00:00] esi-client.ERROR: [http 401, unauthorized] get -> /foo [t/e: 0.000000s/]
[2024-09-17T20:14:07.823191+00:00] esi-client.INFO: [http 200, ok] get -> /foo [t/e: 0.000000s/]
[2024-09-17T20:14:07.825822+00:00] esi-client.WARNING: An unknown URI was called. Allowing /invalid/uri
[2024-09-17T20:16:43.200990+00:00] esi-client.INFO: [http 200, ok] get -> /foo [t/e: 0.000000s/]
[2024-09-17T20:16:43.206554+00:00] esi-client.INFO: [http 200, ok] get -> /foo [t/e: 0.000000s/]
[2024-09-17T20:16:43.209218+00:00] esi-client.ERROR: [http 401, unauthorized] get -> /foo [t/e: 0.000000s/]
[2024-09-17T20:16:43.209741+00:00] esi-client.INFO: [http 200, ok] get -> https://esi.evetech.net/v4/characters/95725047/?datasource=tranquility [t/e: 0.000000s/]
[2024-09-17T20:16:43.210065+00:00] esi-client.INFO: [http 200, ok] get -> https://esi.evetech.net/v4/characters/95725047/?datasource=tranquility [t/e: 0.000000s/]
[2024-09-17T20:16:53.835635+00:00] esi-client.INFO: [http 200, ok] get -> /foo [t/e: 0.010000s/]
[2024-09-17T20:16:53.836458+00:00] esi-client.INFO: [http 200, ok] get -> /foo [t/e: 0.000000s/]
[2024-09-17T20:16:53.840769+00:00] esi-client.ERROR: [http 401, unauthorized] get -> /foo [t/e: 0.000000s/]
[2024-09-17T20:16:53.842156+00:00] esi-client.INFO: [http 200, ok] get -> https://esi.evetech.net/v4/characters/95725047/?datasource=tranquility [t/e: 0.000000s/]
[2024-09-17T20:16:53.851522+00:00] esi-client.INFO: [http 200, ok] get -> https://esi.evetech.net/v4/characters/95725047/?datasource=tranquility [t/e: 0.000000s/]
[2024-09-17T20:16:53.874775+00:00] esi-client.WARNING: An unknown URI was called. Allowing /invalid/uri
[2024-09-17T20:17:01.394689+00:00] esi-client.INFO: [http 200, ok] get -> https://esi.evetech.net/v4/characters/95725047/?datasource=tranquility [t/e: 0.000000s/]
[2024-09-17T20:17:01.407923+00:00] esi-client.INFO: [http 200, ok] get -> https://esi.evetech.net/v4/characters/95725047/?datasource=tranquility [t/e: 0.000000s/]
[2024-09-17T20:17:01.414486+00:00] esi-client.WARNING: An unknown URI was called. Allowing /invalid/uri
[2024-09-17T20:17:01.442739+00:00] esi-client.INFO: [http 200, ok] get -> /foo [t/e: 0.000000s/]
[2024-09-17T20:17:01.444658+00:00] esi-client.ERROR: [http 401, unauthorized] get -> /foo [t/e: 0.000000s/]
[2024-09-17T20:17:01.444942+00:00] esi-client.INFO: [http 200, ok] get -> /foo [t/e: 0.000000s/]
[2024-09-17T20:17:36.465397+00:00] esi-client.ERROR: [http 401, unauthorized] get -> /foo [t/e: 0.010000s/]
[2024-09-17T20:17:36.482491+00:00] esi-client.INFO: [http 200, ok] get -> /foo [t/e: 0.000000s/]
[2024-09-17T20:17:36.483111+00:00] esi-client.INFO: [http 200, ok] get -> /foo [t/e: 0.000000s/]
[2024-09-17T20:17:36.518207+00:00] esi-client.WARNING: An unknown URI was called. Allowing /invalid/uri
[2024-09-17T20:17:36.528239+00:00] esi-client.INFO: [http 200, ok] get -> https://esi.evetech.net/v4/characters/95725047/?datasource=tranquility [t/e: 0.000000s/]
[2024-09-17T20:17:36.528615+00:00] esi-client.INFO: [http 200, ok] get -> https://esi.evetech.net/v4/characters/95725047/?datasource=tranquility [t/e: 0.000000s/]
[2024-09-17T20:17:43.924228+00:00] esi-client.INFO: [http 200, ok] get -> /foo [t/e: 0.000000s/]
[2024-09-17T20:17:43.940238+00:00] esi-client.ERROR: [http 401, unauthorized] get -> /foo [t/e: 0.000000s/]
[2024-09-17T20:17:43.941220+00:00] esi-client.INFO: [http 200, ok] get -> /foo [t/e: 0.000000s/]
[2024-09-17T20:17:43.957969+00:00] esi-client.WARNING: An unknown URI was called. Allowing /invalid/uri
[2024-09-17T20:17:43.959732+00:00] esi-client.INFO: [http 200, ok] get -> https://esi.evetech.net/v4/characters/95725047/?datasource=tranquility [t/e: 0.000000s/]
[2024-09-17T20:17:43.960239+00:00] esi-client.INFO: [http 200, ok] get -> https://esi.evetech.net/v4/characters/95725047/?datasource=tranquility [t/e: 0.000000s/]
[2024-09-17T20:18:11.434982+00:00] esi-client.INFO: [http 200, ok] get -> https://esi.evetech.net/v4/characters/95725047/?datasource=tranquility [t/e: 0.000000s/]
[2024-09-17T20:18:11.436377+00:00] esi-client.INFO: [http 200, ok] get -> https://esi.evetech.net/v4/characters/95725047/?datasource=tranquility [t/e: 0.000000s/]
[2024-09-17T20:19:40.035561+00:00] esi-client.INFO: [http 200, ok] get -> https://esi.evetech.net/v4/characters/95725047/?datasource=tranquility [t/e: 0.010000s/]
[2024-09-17T20:19:40.046206+00:00] esi-client.INFO: [http 200, ok] get -> https://esi.evetech.net/v4/characters/95725047/?datasource=tranquility [t/e: 0.000000s/]
[2024-09-17T20:19:40.076707+00:00] esi-client.WARNING: An unknown URI was called. Allowing /invalid/uri
[2024-09-17T20:19:40.085060+00:00] esi-client.INFO: [http 200, ok] get -> /foo [t/e: 0.000000s/]
[2024-09-17T20:19:40.091537+00:00] esi-client.INFO: [http 200, ok] get -> /foo [t/e: 0.000000s/]
[2024-09-17T20:19:40.096468+00:00] esi-client.ERROR: [http 401, unauthorized] get -> /foo [t/e: 0.000000s/]
[2024-09-17T20:19:48.310032+00:00] esi-client.WARNING: An unknown URI was called. Allowing /invalid/uri
[2024-09-17T20:19:48.324557+00:00] esi-client.INFO: [http 200, ok] get -> https://esi.evetech.net/v4/characters/95725047/?datasource=tranquility [t/e: 0.000000s/]
[2024-09-17T20:19:48.325340+00:00] esi-client.INFO: [http 200, ok] get -> https://esi.evetech.net/v4/characters/95725047/?datasource=tranquility [t/e: 0.000000s/]
[2024-09-17T20:19:48.328556+00:00] esi-client.INFO: [http 200, ok] get -> /foo [t/e: 0.000000s/]
[2024-09-17T20:19:48.331121+00:00] esi-client.ERROR: [http 401, unauthorized] get -> /foo [t/e: 0.000000s/]
[2024-09-17T20:19:48.332273+00:00] esi-client.INFO: [http 200, ok] get -> /foo [t/e: 0.000000s/]
[2024-09-17T20:19:55.539674+00:00] esi-client.INFO: [http 200, ok] get -> https://esi.evetech.net/v4/characters/95725047/?datasource=tranquility [t/e: 0.000000s/]
[2024-09-17T20:19:55.540702+00:00] esi-client.INFO: [http 200, ok] get -> https://esi.evetech.net/v4/characters/95725047/?datasource=tranquility [t/e: 0.000000s/]
[2024-09-17T20:19:55.544120+00:00] esi-client.INFO: [http 200, ok] get -> /foo [t/e: 0.000000s/]
[2024-09-17T20:19:55.551182+00:00] esi-client.ERROR: [http 401, unauthorized] get -> /foo [t/e: 0.000000s/]
[2024-09-17T20:19:55.551513+00:00] esi-client.INFO: [http 200, ok] get -> /foo [t/e: 0.000000s/]
[2024-09-17T20:19:55.557541+00:00] esi-client.WARNING: An unknown URI was called. Allowing /invalid/uri
[2024-09-17T20:21:00.091697+00:00] esi-client.ERROR: [http 401, unauthorized] get -> /foo [t/e: 0.010000s/]
[2024-09-17T20:21:00.094352+00:00] esi-client.INFO: [http 200, ok] get -> /foo [t/e: 0.000000s/]
[2024-09-17T20:21:00.094606+00:00] esi-client.INFO: [http 200, ok] get -> /foo [t/e: 0.000000s/]
[2024-09-17T20:21:00.096093+00:00] esi-client.INFO: [http 200, ok] get -> https://esi.evetech.net/v4/characters/95725047/?datasource=tranquility [t/e: 0.000000s/]
[2024-09-17T20:21:00.105990+00:00] esi-client.INFO: [http 200, ok] get -> https://esi.evetech.net/v4/characters/95725047/?datasource=tranquility [t/e: 0.000000s/]
[2024-09-17T20:21:00.132011+00:00] esi-client.WARNING: An unknown URI was called. Allowing /invalid/uri
[2024-09-17T20:21:05.869922+00:00] esi-client.INFO: [http 200, ok] get -> /foo [t/e: 0.000000s/]
[2024-09-17T20:21:05.872296+00:00] esi-client.INFO: [http 200, ok] get -> /foo [t/e: 0.000000s/]
[2024-09-17T20:21:05.874104+00:00] esi-client.ERROR: [http 401, unauthorized] get -> /foo [t/e: 0.000000s/]
[2024-09-17T20:21:05.879441+00:00] esi-client.WARNING: An unknown URI was called. Allowing /invalid/uri
[2024-09-17T20:21:05.899955+00:00] esi-client.INFO: [http 200, ok] get -> https://esi.evetech.net/v4/characters/95725047/?datasource=tranquility [t/e: 0.000000s/]
[2024-09-17T20:21:05.900326+00:00] esi-client.INFO: [http 200, ok] get -> https://esi.evetech.net/v4/characters/95725047/?datasource=tranquility [t/e: 0.000000s/]
[2024-09-17T20:21:47.021909+00:00] esi-client.INFO: [http 200, ok] get -> /foo [t/e: 0.010000s/]
[2024-09-17T20:21:47.032894+00:00] esi-client.INFO: [http 200, ok] get -> /foo [t/e: 0.000000s/]
[2024-09-17T20:21:47.037621+00:00] esi-client.ERROR: [http 401, unauthorized] get -> /foo [t/e: 0.000000s/]
[2024-09-17T20:21:47.087475+00:00] esi-client.WARNING: An unknown URI was called. Allowing /invalid/uri
