[2024-09-20T05:28:44.324919+00:00] esi-client.INFO: [http 200, ok] get -> https://esi.evetech.net/v4/characters/95725047/?datasource=tranquility [t/e: 0.050000s/]
[2024-09-20T05:52:59.805021+00:00] esi-client.WARNING: An unknown URI was called. Allowing /invalid/uri
[2024-09-20T05:53:39.436103+00:00] esi-client.INFO: [http 200, ok] get -> /foo [t/e: 0.020000s/]
[2024-09-20T05:53:39.440025+00:00] esi-client.INFO: [http 200, ok] get -> /foo [t/e: 0.000000s/]
[2024-09-20T05:53:39.445643+00:00] esi-client.ERROR: [http 401, unauthorized] get -> /foo [t/e: 0.000000s/]
[2024-09-20T05:53:39.525049+00:00] esi-client.WARNING: An unknown URI was called. Allowing /invalid/uri
[2024-09-20T05:53:39.570785+00:00] esi-client.INFO: [http 200, ok] get -> https://esi.evetech.net/v4/characters/95725047/?datasource=tranquility [t/e: 0.000000s/]
[2024-09-20T05:53:39.574008+00:00] esi-client.INFO: [http 200, ok] get -> https://esi.evetech.net/v4/characters/95725047/?datasource=tranquility [t/e: 0.000000s/]
[2024-09-20T05:56:55.927145+00:00] esi-client.DEBUG: Making get request to /foo
[2024-09-20T05:56:55.928780+00:00] esi-client.INFO: [http 200, ok] get -> /foo [t/e: 0.000000s/]
[2024-09-20T05:56:55.931918+00:00] esi-client.DEBUG: Making get request to /foo
[2024-09-20T05:56:55.932098+00:00] esi-client.ERROR: [http 401, unauthorized] get -> /foo [t/e: 0.000000s/]
[2024-09-20T05:56:55.932133+00:00] esi-client.DEBUG: Request for get -> /foo -> failed body was: test
[2024-09-20T05:56:55.934359+00:00] esi-client.DEBUG: Making get request to /foo
[2024-09-20T05:56:55.934502+00:00] esi-client.INFO: [http 200, ok] get -> /foo [t/e: 0.000000s/]
[2024-09-20T05:59:25.528115+00:00] esi-client.INFO: [http 200, ok] get -> /foo [t/e: 0.000000s/]
[2024-09-20T05:59:25.539964+00:00] esi-client.INFO: [http 200, ok] get -> /foo [t/e: 0.000000s/]
[2024-09-20T05:59:25.551289+00:00] esi-client.ERROR: [http 401, unauthorized] get -> /foo [t/e: 0.000000s/]
[2024-09-20T06:16:44.574039+00:00] esi-client.INFO: [http 200, ok] GET -> https://esi.evetech.net/latest/status/ [t/e: 0.400000s/100]
[2024-09-20T06:16:54.941751+00:00] esi-client.INFO: [http 200, ok] GET -> https://esi.evetech.net/latest/status/ [t/e: 0.140000s/100]
